
=== Coordinator Planning Complete ===

╭───────────────────────────────────────────────────────────── 🤖 Agent Started ──────────────────────────────────────────────────────────────╮
│                                                                                                                                             │
│  Agent: Travel Planning Delegator                                                                                                           │
│                                                                                                                                             │
│  Task:                                                                                                                                      │
│      Use the search_flights tool to find flight options from origin to destination.                                                         │
│      Review the returned JSON data and recommend the best option based on the traveler's priorities, if any.                                │
│                                                                                                                                             │
│      Compare the available options and recommended choice best meets their needs.                                                           │
│      1. Confirm the required flight-search inputs before tool use: origin IATA code, destination IATA code, depart_date, return_date, and   │
│  any traveler priorities such as lowest price, shortest travel time, preferred carrier, fewer stops, or schedule convenience.               │
│  2. Validate that depart_date is not in the past and that return_date is after depart_date.                                                 │
│  3. Call the search_flights tool with the exact origin, destination, depart_date, and return_date.                                          │
│  4. Inspect the returned JSON carefully, especially the count, offers array, carrier, flight numbers, per-person price in USD, leg          │
│  departure and arrival ISO timestamps, and number of stops.                                                                                 │
│  5. Compare every offer against the traveler’s priorities in a structured way: price, total travel duration, number of stops, timing        │
│  convenience, and overall itinerary simplicity.                                                                                             │
│  6. If the traveler did not provide explicit priorities, use a balanced decision rule that favors the best combination of reasonable        │
│  price, fewer stops, and practical timing.                                                                                                  │
│  7. Identify the strongest candidate and explain why it is the best option in direct comparison to the alternatives.                        │
│  8. If no offers are returned, read the note field and clearly explain that no matching flights were found, including the reason if         │
│  provided.                                                                                                                                  │
│  9. Produce the final flight itinerary recommendation in a booking-ready format, including the chosen carrier, flight numbers, departure    │
│  and arrival times, price, and a concise justification aligned to the traveler’s preferences.                                               │
│                                                                                                                                             │
╰─────────────────────────────────────────────────────────────────────────────────────────────────────────────────────────────────────────────╯

[32mTool search_flights executed with result: {'offers': [{'carrier': 'Air France', 'flight_numbers': ['AF 007', 'AF 008'], 'currency': 'USD', 'price_per_person': 850, 'legs': [{'from': 'JFK', 'to': 'CDG', 'departs_at': '2026-11-02T10:30:00-05:00...[0m
[35m[Finalize] todos_count=0, todos_with_results=0[0m
╭─────────────────────────────────────────────────────────── ✅ Agent Final Answer ───────────────────────────────────────────────────────────╮
│                                                                                                                                             │
│  Agent: Travel Planning Delegator                                                                                                           │
│                                                                                                                                             │
│  Final Answer:                                                                                                                              │
│  ### Flight Itinerary Recommendation                                                                                                        │
│                                                                                                                                             │
│  After reviewing the available flight options based on the traveler's preferences, here is the recommended itinerary for Alex Johnson and   │
│  companion for their anniversary trip to Paris:                                                                                             │
│                                                                                                                                             │
│  **Recommended Flight Option: Delta Air Lines**                                                                                             │
│                                                                                                                                             │
│  - **Carrier:** Delta Air Lines                                                                                                             │
│  - **Flight Numbers:**                                                                                                                      │
│    - Outbound: DL 264                                                                                                                       │
│    - Return: DL 265                                                                                                                         │
│  - **Price Per Person:** $780 (USD)                                                                                                         │
│  - **Outbound Leg:**                                                                                                                        │
│    - **Departure:** JFK, November 2, 2026, at 5:30 PM (EST)                                                                                 │
│    - **Arrival:** CDG, November 3, 2026, at 7:15 AM (CET)                                                                                   │
│    - **Stops:** None (Direct Flight)                                                                                                        │
│  - **Return Leg:**                                                                                                                          │
│    - **Departure:** CDG, November 9, 2026, at 10:15 AM (CET)                                                                                │
│    - **Arrival:** JFK, November 9, 2026, at 12:30 PM (EST)                                                                                  │
│    - **Stops:** None (Direct Flight)                                                                                                        │
│                                                                                                                                             │
│  **Justification for Selection:**                                                                                                           │
│  - **Price:** This option offers the lowest price per person at $780, which is important for maximizing Alex's budget for both flights and  │
│  other trip expenses.                                                                                                                       │
│  - **Direct Flights:** The flights are non-stop, which reduces travel stress and maximizes time spent at the destination, aligning          │
│  perfectly with their preference for efficient travel.                                                                                      │
│  - **Convenient Timing:** While the outbound flight departs in the evening, likely aiding in comfort, the return flight leaves in the late  │
│  morning, providing a comfortable timeframe for returning to the U.S.                                                                       │
│                                                                                                                                             │
│  Other Options Considered:                                                                                                                  │
│  - **Air France:** Priced at $850 per person, with more convenient morning departure from JFK but higher cost.                              │
│  - **United Airlines:** Priced at $920 per person, with additional stops which could add unnecessary travel complexity and cost.            │
│                                                                                                                                             │
│  This recommended Delta Air Lines itinerary provides the best blend of price savings, convenience, and simplicity. This itinerary is ready  │
│  for booking within the overall trip budget, allowing Alex and their companion to enjoy a memorable anniversary trip to Paris.              │
│                                                                                                                                             │
╰─────────────────────────────────────────────────────────────────────────────────────────────────────────────────────────────────────────────╯

╭───────────────────────────────────────────────────────────── 🤖 Agent Started ──────────────────────────────────────────────────────────────╮
│                                                                                                                                             │
│  Agent: Travel Planning Delegator                                                                                                           │
│                                                                                                                                             │
│  Task:                                                                                                                                      │
│      Use the find_hotels tool to search for accommodations in the destination.                                                              │
│      Review the returned JSON data and recommend the best option considering budget.                                                        │
│                                                                                                                                             │
│      Explain why your recommended choice is the best match for this traveler.                                                               │
│      1. Confirm the destination city and the intended check_in and check_out dates before calling the tool.                                 │
│  2. Validate that check_in is not in the past and that check_out is after check_in.                                                         │
│  3. Call the find_hotels tool with the exact location, check_in, and check_out values.                                                      │
│  4. Review the returned JSON output, including count, nights, check_in, check_out, and the hotels array.                                    │
│  5. Compare each hotel’s nightly rate, total stay cost, rating, amenities, and distance from the Eiffel Tower as provided in the results.   │
│  6. Select the best budget-conscious option by balancing the lowest practical total price with acceptable rating, useful amenities, and a   │
│  reasonable location.                                                                                                                       │
│  7. If multiple options are close in price, prefer the one with stronger rating or better amenities for the same or slightly higher total   │
│  cost.                                                                                                                                      │
│  8. If the traveler’s budget is explicit, ensure the recommendation stays within budget; if no budget is given, recommend the best value    │
│  option.                                                                                                                                    │
│  9. If no hotels are returned, use the note field to explain why no matches were found.                                                     │
│  10. Present the final hotel recommendation with the hotel name, rate, total cost, key amenities, rating, and a clear explanation of why    │
│  it best matches the traveler’s preferences and budget.                                                                                     │
│                                                                                                                                             │
╰─────────────────────────────────────────────────────────────────────────────────────────────────────────────────────────────────────────────╯

[32mTool find_hotels executed with result: {'nights': 7, 'check_in': '2026-11-02', 'check_out': '2026-11-09', 'count': 3, 'hotels': [{'name': 'Paris Marriott Champs Elysees', 'currency': 'USD', 'nightly_rate': 450, 'stay_total': 3150, 'rating'...[0m
[35m[Finalize] todos_count=0, todos_with_results=0[0m
╭─────────────────────────────────────────────────────────── ✅ Agent Final Answer ───────────────────────────────────────────────────────────╮
│                                                                                                                                             │
│  Agent: Travel Planning Delegator                                                                                                           │
│                                                                                                                                             │
│  Final Answer:                                                                                                                              │
│  **Recommended Hotel: Citadines Saint-Germain-des-Prés**                                                                                    │
│                                                                                                                                             │
│  - **Hotel Name:** Citadines Saint-Germain-des-Prés                                                                                         │
│  - **Nightly Rate:** $320 (USD)                                                                                                             │
│  - **Total Stay Cost:** $2240 (USD)                                                                                                         │
│  - **Rating:** 4.2                                                                                                                          │
│  - **Location:** Saint-Germain, 3.4 km from the Eiffel Tower                                                                                │
│  - **Key Amenities:** Kitchenette, Laundry, Wifi                                                                                            │
│                                                                                                                                             │
│  **Why this hotel is the best match:**                                                                                                      │
│                                                                                                                                             │
│  - **Budget Alignment:** The total cost of $2240 for a 7-night stay fits well within the budget, significantly below the $2800 cap ($400    │
│  per night) set for accommodations, allowing for more flexibility with other trip expenses.                                                 │
│                                                                                                                                             │
│  - **Amenities Advantage:** The Citadines Saint-Germain-des-Prés offers a kitchenette and laundry facilities, providing added convenience   │
│  for guests wanting the flexibility to prepare their own meals or manage laundry—ideal for extended stays and additional savings.           │
│                                                                                                                                             │
│  - **Balanced Rating and Location:** Although it is not the closest to the Eiffel Tower (3.4 km), its 4.2-star rating ensures a             │
│  comfortable and quality stay. It's located in the charming Saint-Germain district, offering a quintessential Parisian experience that      │
│  combines accessibility with local cultural ambiance.                                                                                       │
│                                                                                                                                             │
│  - **Strategic Fit with Itinerary:** The hotel's location ensures easy access to key attractions while allowing Alex and companion a        │
│  leisurely exploration of Paris, perfectly aligning with their moderate-paced travel and romantic anniversary celebration.                  │
│                                                                                                                                             │
│  This hotel optimally balances cost, quality, and amenities, delivering a great accommodation experience in Paris while adhering to the     │
│  traveler’s preferences and budget.                                                                                                         │
│                                                                                                                                             │
╰─────────────────────────────────────────────────────────────────────────────────────────────────────────────────────────────────────────────╯

╭───────────────────────────────────────────────────────────── 🤖 Agent Started ──────────────────────────────────────────────────────────────╮
│                                                                                                                                             │
│  Agent: Travel Planning Delegator                                                                                                           │
│                                                                                                                                             │
│  Task:                                                                                                                                      │
│      Use the find_transportation tool to identify options at the destination for:                                                           │
│      1. Airport to hotel transfer                                                                                                           │
│      2. Transportation between daily activities                                                                                             │
│      3. Hotel to airport transfer                                                                                                           │
│                                                                                                                                             │
│      Consider the traveler's preferences where  possible.                                                                                   │
│                                                                                                                                             │
│      ased on the returned JSON data, recommend the best transportation options for each segment of their trip.                              │
│      1. Confirm the destination city, the relevant activity names if known, and any traveler preferences such as cost sensitivity,          │
│  convenience, or speed.                                                                                                                     │
│  2. For the airport transfer segment, call find_transportation with location set to the destination city and destination set exactly to     │
│  "Airport".                                                                                                                                 │
│  3. For transportation between daily activities, call find_transportation once for each exact activity name that needs routing support,     │
│  using the destination parameter to match the activity exactly.                                                                             │
│  4. For the hotel-to-airport transfer, call find_transportation again with destination set to "Airport" if the return transfer is being     │
│  planned separately, and note that the tool’s origin is echoed back but not used.                                                           │
│  5. Review each returned JSON response carefully, especially the routes array, count, line, stations, duration in minutes, and price in     │
│  USD for one ride.                                                                                                                          │
│  6. If a destination is not an exact match and the tool returns no routes, read the note field and retry using one of the covered exact     │
│  destination names listed there.                                                                                                            │
│  7. Compare route options by duration, simplicity, number of transfers implied by the route, and total price for the required use case.     │
│  8. Remember that the price is for one ride for the stated group size, so calculate round-trip cost as two rides when needed.               │
│  9. Recommend the most efficient and convenient route for each segment, giving preference to the best overall balance of cost and ease of   │
│  use based on traveler preferences.                                                                                                         │
│  10. Present the final transportation plan in three parts: airport to hotel, between daily activities, and hotel to airport, with clear     │
│  recommendations and brief justifications for each.                                                                                         │
│                                                                                                                                             │
╰─────────────────────────────────────────────────────────────────────────────────────────────────────────────────────────────────────────────╯

[32mTool find_transportation executed with result: {'location': 'Paris', 'origin': 'Bir-Hakeim station', 'destination': 'Airport', 'count': 1, 'routes': [{'destination': 'Airport', 'from_station': 'Bir-Hakeim', 'to_station': 'Charles de Gaulle T2', 'l...[0m
[32mTool find_transportation executed with result: {'location': 'Paris', 'origin': 'Bir-Hakeim station', 'destination': 'Louvre Museum', 'count': 0, 'note': "No route to 'Louvre Museum' in this fixture. Covered: ['Eiffel Tower Summit Visit', 'Dinner a...[0m
[32mTool find_transportation executed with result: {'location': 'Paris', 'origin': 'Bir-Hakeim station', 'destination': 'Seine River', 'count': 0, 'note': "No route to 'Seine River' in this fixture. Covered: ['Eiffel Tower Summit Visit', 'Dinner at Ei...[0m
[32mTool find_transportation executed with result: {'location': 'Paris', 'origin': 'Bir-Hakeim station', 'destination': 'Eiffel Tower', 'count': 0, 'note': "No route to 'Eiffel Tower' in this fixture. Covered: ['Eiffel Tower Summit Visit', 'Dinner at ...[0m
[32mTool find_transportation executed with result: {'location': 'Paris', 'origin': 'Bir-Hakeim station', 'destination': 'Luxembourg Gardens', 'count': 0, 'note': "No route to 'Luxembourg Gardens' in this fixture. Covered: ['Eiffel Tower Summit Visit',...[0m
[32mTool find_transportation executed with result: {'location': 'Paris', 'origin': 'Bir-Hakeim station', 'destination': 'Louvre Guided Visit', 'count': 1, 'routes': [{'destination': 'Louvre Guided Visit', 'from_station': 'Bir-Hakeim', 'to_station': 'P...[0m
[32mTool find_transportation executed with result: {'location': 'Paris', 'origin': 'Bir-Hakeim station', 'destination': 'Seine River Dinner Cruise', 'count': 1, 'routes': [{'destination': 'Seine River Dinner Cruise', 'from_station': 'Bir-Hakeim', 'to_...[0m
[32mTool find_transportation executed with result: {'location': 'Paris', 'origin': 'Bir-Hakeim station', 'destination': 'Picnic in the Luxembourg Gardens', 'count': 1, 'routes': [{'destination': 'Picnic in the Luxembourg Gardens', 'from_station': 'Bir...[0m
[35m[Finalize] todos_count=0, todos_with_results=0[0m
╭─────────────────────────────────────────────────────────── ✅ Agent Final Answer ───────────────────────────────────────────────────────────╮
│                                                                                                                                             │
│  Agent: Travel Planning Delegator                                                                                                           │
│                                                                                                                                             │
│  Final Answer:                                                                                                                              │
│  ### Transportation Plan for Alex Johnson's 7-Day Trip to Paris                                                                             │
│                                                                                                                                             │
│  #### Part 1: Airport to Hotel Transfer                                                                                                     │
│  - **Route:** Bir-Hakeim Station to Charles de Gaulle Airport T2.                                                                           │
│  - **Line:** RER B                                                                                                                          │
│  - **Duration:** 55 minutes                                                                                                                 │
│  - **Price:** $2.75 USD per person                                                                                                          │
│  - **Recommendation:** The RER B line provides a direct and convenient transfer from the airport to the city center, making it an ideal     │
│  choice for Alex's arrival. This cost-effective option ensures a smooth start to the trip without the complexities of multiple transfers.   │
│                                                                                                                                             │
│  #### Part 2: Transportation Between Daily Activities                                                                                       │
│                                                                                                                                             │
│  - **From Hotel to Louvre Guided Visit:**                                                                                                   │
│    - **Route:** Bir-Hakeim Station to Palais Royal - Musee du Louvre                                                                        │
│    - **Line:** 1                                                                                                                            │
│    - **Duration:** 25 minutes                                                                                                               │
│    - **Price:** $2.75 USD per person                                                                                                        │
│                                                                                                                                             │
│  - **From Hotel to Seine River Dinner Cruise:**                                                                                             │
│    - **Route:** Bir-Hakeim Station to Alma - Marceau                                                                                        │
│    - **Line:** 9                                                                                                                            │
│    - **Duration:** 12 minutes                                                                                                               │
│    - **Price:** $2.75 USD per person                                                                                                        │
│                                                                                                                                             │
│  - **From Hotel to Picnic in the Luxembourg Gardens:**                                                                                      │
│    - **Route:** Bir-Hakeim Station to Odeon                                                                                                 │
│    - **Line:** 4                                                                                                                            │
│    - **Duration:** 22 minutes                                                                                                               │
│    - **Price:** $2.75 USD per person                                                                                                        │
│                                                                                                                                             │
│  **Recommendation:**                                                                                                                        │
│  The availability of direct metro lines simplifies travel between major attractions and activities, aligning with Alex's preference for     │
│  moderate-paced exploration. Each journey averages around 15-20 minutes, allowing ample time for enjoying each experience without feeling   │
│  rushed. The consistent fare across metro lines provides budget predictability for daily excursions.                                        │
│                                                                                                                                             │
│  #### Part 3: Hotel to Airport Transfer                                                                                                     │
│  - **Route:** Bir-Hakeim Station to Charles de Gaulle Airport T2.                                                                           │
│  - **Line:** RER B                                                                                                                          │
│  - **Duration:** 55 minutes                                                                                                                 │
│  - **Price:** $2.75 USD per person                                                                                                          │
│                                                                                                                                             │
│  **Recommendation:**                                                                                                                        │
│  Using the RER B line again for the return trip ensures timely arrival at the airport, with a direct route that minimizes travel stress at  │
│  the end of the holiday. This simplicity is crucial for a stress-free closure to Alex's anniversary celebration.                            │
│                                                                                                                                             │
│  ### Summary                                                                                                                                │
│  This transportation plan meticulously balances efficiency, convenience, and cost-effectiveness, catering to Alex's travel expectations.    │
│  Public transit in Paris provides a streamlined method to navigate between attractions and the airport, ensuring a comfortable and          │
│  memorable anniversary trip.                                                                                                                │
│                                                                                                                                             │
╰─────────────────────────────────────────────────────────────────────────────────────────────────────────────────────────────────────────────╯

╭───────────────────────────────────────────────────────────── 🤖 Agent Started ──────────────────────────────────────────────────────────────╮
│                                                                                                                                             │
│  Agent: Travel Planning Delegator                                                                                                           │
│                                                                                                                                             │
│  Task:                                                                                                                                      │
│      Use the find_activities tool to identify options in the destination for each day of the entire trip duration.                          │
│      The traveler's interests are: an anniversary trip with some relaxation time built in with a moderate pace preference.                  │
│                                                                                                                                             │
│      Create a day-by-day plan using the returned JSON data, ensuring activities flow logically and match the traveler's interests.          │
│      1. Confirm the destination city, the full trip duration, and the date for each day that requires planning.                             │
│  2. Recognize that the traveler wants an anniversary trip with built-in relaxation time and a moderate pace preference, meaning the final   │
│  plan should mix relaxed and active activities rather than being exclusively one or the other.                                              │
│  3. For each trip day, call find_activities with the location, the exact date for that day, and the traveler’s stated preferences.          │
│  4. Review the returned JSON output for activities, count, and the tags or pacing information for each activity.                            │
│  5. Because the tool returns the same full catalogue for any valid date, compare the available activities across all days and organize      │
│  them into a logical sequence that feels celebratory, balanced, and not overly strenuous.                                                   │
│  6. Build a moderate-pace daily structure by combining relaxed and active activities in a way that leaves room for rest, romantic time,     │
│  and flexibility.                                                                                                                           │
│  7. Prioritize anniversary-appropriate experiences, scenic or special activities, and pacing that avoids overloading any single day.        │
│  8. If the catalog includes both relaxed and active choices, distribute them across the trip so that active moments are followed by         │
│  lighter segments or downtime.                                                                                                              │
│  9. Ensure the day-by-day flow makes sense geographically and thematically, minimizing unnecessary backtracking or fatigue.                 │
│  10. If the tool returns no activities, use the note field to explain why and state that a valid itinerary could not be built from the      │
│  returned data.                                                                                                                             │
│  11. Deliver the final output as a complete day-by-day activity plan that matches the traveler’s interests, includes a moderate pace, and   │
│  clearly explains the logic behind the sequence and recommendations.                                                                        │
│                                                                                                                                             │
╰─────────────────────────────────────────────────────────────────────────────────────────────────────────────────────────────────────────────╯

[32mTool find_activities executed with result: {'location': 'Paris', 'date': '2026-11-03', 'preferences': 'An anniversary trip with some relaxation time built in with a moderate pace preference.', 'count': 8, 'activities': [{'name': 'Seine River D...[0m
[32mTool find_activities executed with result: {'location': 'Paris', 'date': '2026-11-04', 'preferences': 'An anniversary trip with some relaxation time built in with a moderate pace preference.', 'count': 8, 'activities': [{'name': 'Seine River D...[0m
[32mTool find_activities executed with result: {'location': 'Paris', 'date': '2026-11-05', 'preferences': 'An anniversary trip with some relaxation time built in with a moderate pace preference.', 'count': 8, 'activities': [{'name': 'Seine River D...[0m
[32mTool find_activities executed with result: {'location': 'Paris', 'date': '2026-11-06', 'preferences': 'An anniversary trip with some relaxation time built in with a moderate pace preference.', 'count': 8, 'activities': [{'name': 'Seine River D...[0m
[32mTool find_activities executed with result: {'location': 'Paris', 'date': '2026-11-07', 'preferences': 'An anniversary trip with some relaxation time built in with a moderate pace preference.', 'count': 8, 'activities': [{'name': 'Seine River D...[0m
[32mTool find_activities executed with result: {'location': 'Paris', 'date': '2026-11-08', 'preferences': 'An anniversary trip with some relaxation time built in with a moderate pace preference.', 'count': 8, 'activities': [{'name': 'Seine River D...[0m
[35m[Finalize] todos_count=0, todos_with_results=0[0m
╭─────────────────────────────────────────────────────────── ✅ Agent Final Answer ───────────────────────────────────────────────────────────╮
│                                                                                                                                             │
│  Agent: Travel Planning Delegator                                                                                                           │
│                                                                                                                                             │
│  Final Answer:                                                                                                                              │
│  ### Day-by-Day Activity Plan for Alex Johnson's Anniversary Trip to Paris                                                                  │
│                                                                                                                                             │
│  #### **Day 1: November 3, 2026 - Arrival and Relaxation**                                                                                  │
│  - **Morning Arrival:** Arrive at CDG Airport.                                                                                              │
│  - **Afternoon: Picnic in the Luxembourg Gardens**                                                                                          │
│    - **Pace:** Relaxed                                                                                                                      │
│    - **Price:** Free                                                                                                                        │
│    - **Duration:** 120 minutes                                                                                                              │
│    - **Description:** Enjoy a leisurely picnic, ideal for resting after the flight.                                                         │
│  - **Evening: Seine River Dinner Cruise**                                                                                                   │
│    - **Pace:** Relaxed                                                                                                                      │
│    - **Price:** $90 per person                                                                                                              │
│    - **Duration:** 75 minutes                                                                                                               │
│    - **Description:** Dine while cruising the Seine, taking in the illuminated landmarks, setting a romantic tone for the trip.             │
│                                                                                                                                             │
│  #### **Day 2: November 4, 2026 - Iconic Parisian Sights**                                                                                  │
│  - **Morning: Eiffel Tower Summit Visit**                                                                                                   │
│    - **Pace:** Active                                                                                                                       │
│    - **Price:** $65 per person                                                                                                              │
│    - **Duration:** 120 minutes                                                                                                              │
│    - **Description:** Visit the summit for breathtaking views of the city.                                                                  │
│  - **Afternoon: Leisurely walk and lunch in Montmartre**                                                                                    │
│    - **Option:** Montmartre Walking Tour                                                                                                    │
│    - **Pace:** Active                                                                                                                       │
│    - **Price:** $30 per person                                                                                                              │
│    - **Duration:** 150 minutes                                                                                                              │
│    - **Description:** Explore the charming streets and enjoy local cafes.                                                                   │
│  - **Evening: Romantic Dinner at Eiffel Tower**                                                                                             │
│    - **Pace:** Relaxed                                                                                                                      │
│    - **Price:** $90 per person                                                                                                              │
│    - **Duration:** 105 minutes                                                                                                              │
│    - **Description:** Experience fine dining with panoramic views of the city.                                                              │
│                                                                                                                                             │
│  #### **Day 3: November 5, 2026 - Art and Culture**                                                                                         │
│  - **Morning: Louvre Guided Visit**                                                                                                         │
│    - **Pace:** Active                                                                                                                       │
│    - **Price:** $85 per person                                                                                                              │
│    - **Duration:** 180 minutes                                                                                                              │
│    - **Description:** Discover the masterpieces including the Mona Lisa and Venus de Milo.                                                  │
│  - **Afternoon: Relax with a Spa Experience**                                                                                               │
│    - **Option:** Couples Hammam and Spa                                                                                                     │
│    - **Pace:** Relaxed                                                                                                                      │
│    - **Price:** $140 for 2                                                                                                                  │
│    - **Duration:** 90 minutes                                                                                                               │
│    - **Description:** Unwind with a traditional hammam treatment, perfect for relaxation.                                                   │
│  - **Evening: Open for personal exploration or rest**                                                                                       │
│                                                                                                                                             │
│  #### **Day 4: November 6, 2026 - History and Adventure**                                                                                   │
│  - **Morning: Catacombs Tour**                                                                                                              │
│    - **Pace:** Active                                                                                                                       │
│    - **Price:** $35 per person                                                                                                              │
│    - **Duration:** 90 minutes                                                                                                               │
│    - **Description:** Explore the famous underground tunnels and discover Paris's unique past.                                              │
│  - **Afternoon: Leisure Time at a Café**                                                                                                    │
│    - **Recommendation:** Enjoy traditional Parisian pastries and coffee at a local bistro.                                                  │
│  - **Evening: Open for personalized experiences**                                                                                           │
│                                                                                                                                             │
│  #### **Day 5: November 7, 2026 - Scenic Exploration and Relaxation**                                                                       │
│  - **Morning and Afternoon: Independent Leisure Time**                                                                                      │
│    - Suggested to explore nearby parks or take a casual stroll along the Seine.                                                             │
│  - **Evening: Personal Choice for Fine Dining**                                                                                             │
│    - Explore Paris's culinary scene with a focus on local French cuisine.                                                                   │
│                                                                                                                                             │
│  #### **Day 6: November 8, 2026 - Final Day for Leisure and Reflection**                                                                    │
│  - **Morning: Revisit Favored Sights or Shopping**                                                                                          │
│    - Suggestions include strolling chic boutiques in Le Marais or Saint-Germain.                                                            │
│  - **Afternoon: Final Relaxation Time**                                                                                                     │
│    - Enjoy tea at a famous Parisian café or indulge in a last-minute spa session.                                                           │
│  - **Evening: Farewell Dinner**                                                                                                             │
│    - Choose a cozy restaurant to reflect on the memories made during the trip.                                                              │
│                                                                                                                                             │
│  #### **Day 7: November 9, 2026 - Departure**                                                                                               │
│  - **Morning: Check-out and Airport Transfer via RER B**                                                                                    │
│  - **Departure from Paris:** CDG at 10:15 AM                                                                                                │
│                                                                                                                                             │
│  ### Summary                                                                                                                                │
│  This plan perfectly balances relaxed and active activities to create a memorable and romantic anniversary experience. Key cultural sights  │
│  are paired with moments of leisure, ensuring a moderate pace and leaving room for personal preferences and spontaneous discoveries.        │
│                                                                                                                                             │
╰─────────────────────────────────────────────────────────────────────────────────────────────────────────────────────────────────────────────╯


=== Delegator Task Complete ===

### Day-by-Day Activity Plan for Alex Johnson's Anniversary Trip to Paris

#### **Day 1: November 3, 2026 - Arrival and Relaxation**
- **Morning Arrival:** Arrive at CDG Airport.
- **Afternoon: Picnic in the Luxembourg Gardens**
  - **Pace:** Relaxed
  - **Price:** Free
  - **Duration:** 120 minutes
  - **Description:** Enjoy a leisurely picnic, ideal for resting after the flight.
- **Evening: Seine River Dinner Cruise**
  - **Pace:** Relaxed
  - **Price:** $90 per person
  - **Duration:** 75 minutes
  - **Description:** Dine while cruising the Seine, taking in the illuminated landmarks, setting a romantic tone for the trip.

#### **Day 2: November 4, 2026 - Iconic Parisian Sights**
- **Morning: Eiffel Tower Summit Visit**
  - **Pace:** Active
  - **Price:** $65 per person
  - **Duration:** 120 minutes
  - **Description:** Visit the summit for breathtaking views of the city.
- **Afternoon: Leisurely walk and lunch in Montmartre**
  - **Option:** Montmartre Walking Tour
  - **Pace:** Active
  - **Price:** $30 per person
  - **Duration:** 150 minutes
  - **Description:** Explore the charming streets and enjoy local cafes.
- **Evening: Romantic Dinner at Eiffel Tower**
  - **Pace:** Relaxed
  - **Price:** $90 per person
  - **Duration:** 105 minutes
  - **Description:** Experience fine dining with panoramic views of the city.

#### **Day 3: November 5, 2026 - Art and Culture**
- **Morning: Louvre Guided Visit**
  - **Pace:** Active
  - **Price:** $85 per person
  - **Duration:** 180 minutes
  - **Description:** Discover the masterpieces including the Mona Lisa and Venus de Milo.
- **Afternoon: Relax with a Spa Experience**
  - **Option:** Couples Hammam and Spa
  - **Pace:** Relaxed
  - **Price:** $140 for 2
  - **Duration:** 90 minutes
  - **Description:** Unwind with a traditional hammam treatment, perfect for relaxation.
- **Evening: Open for personal exploration or rest**

#### **Day 4: November 6, 2026 - History and Adventure**
- **Morning: Catacombs Tour**
  - **Pace:** Active
  - **Price:** $35 per person
  - **Duration:** 90 minutes
  - **Description:** Explore the famous underground tunnels and discover Paris's unique past.
- **Afternoon: Leisure Time at a Café**
  - **Recommendation:** Enjoy traditional Parisian pastries and coffee at a local bistro.
- **Evening: Open for personalized experiences**

#### **Day 5: November 7, 2026 - Scenic Exploration and Relaxation**
- **Morning and Afternoon: Independent Leisure Time**
  - Suggested to explore nearby parks or take a casual stroll along the Seine.
- **Evening: Personal Choice for Fine Dining**
  - Explore Paris's culinary scene with a focus on local French cuisine.

#### **Day 6: November 8, 2026 - Final Day for Leisure and Reflection**
- **Morning: Revisit Favored Sights or Shopping**
  - Suggestions include strolling chic boutiques in Le Marais or Saint-Germain.
- **Afternoon: Final Relaxation Time**
  - Enjoy tea at a famous Parisian café or indulge in a last-minute spa session.
- **Evening: Farewell Dinner**
  - Choose a cozy restaurant to reflect on the memories made during the trip.

#### **Day 7: November 9, 2026 - Departure**
- **Morning: Check-out and Airport Transfer via RER B**
- **Departure from Paris:** CDG at 10:15 AM

### Summary
This plan perfectly balances relaxed and active activities to create a memorable and romantic anniversary experience. Key cultural sights are paired with moments of leisure, ensuring a moderate pace and leaving room for personal preferences and spontaneous discoveries.
